221906 pairs, 230238 embeddings

[run 0] seed=0  (split_seed=0, init_seed=0)  941 users
[run 0]   train_acc=0.7033  test_acc=0.6818

[run 1] seed=1  (split_seed=0, init_seed=1)  941 users
[run 1]   train_acc=0.7016  test_acc=0.6811

[run 2] seed=2  (split_seed=0, init_seed=2)  941 users
[run 2]   train_acc=0.7023  test_acc=0.6806

[run 3] seed=3  (split_seed=0, init_seed=3)  941 users
[run 3]   train_acc=0.7030  test_acc=0.6812

[run 4] seed=4  (split_seed=0, init_seed=4)  941 users
[run 4]   train_acc=0.7037  test_acc=0.6817

[run 5] seed=5  (split_seed=0, init_seed=5)  941 users
[run 5]   train_acc=0.7013  test_acc=0.6811

[run 6] seed=6  (split_seed=0, init_seed=6)  941 users
[run 6]   train_acc=0.7047  test_acc=0.6814

[run 7] seed=7  (split_seed=0, init_seed=7)  941 users
[run 7]   train_acc=0.7051  test_acc=0.6815

[run 8] seed=8  (split_seed=0, init_seed=8)  941 users
[run 8]   train_acc=0.7046  test_acc=0.6815

[run 9] seed=9  (split_seed=0, init_seed=9)  941 users
[run 9]   train_acc=0.7035  test_acc=0.6816

##########################################################################################
# STABILITY CHECK: seed  (varying [0, 1, 2, 3, 4, 5, 6, 7, 8, 9])
##########################################################################################

Population direction (v_pop = unit(V @ wbar)), pairwise cosine across runs:

v_pop -- full 10x10 pairwise cosine matrix:
                0        1        2        3        4        5        6        7        8        9
       0       --   0.9999   0.9999   1.0000   1.0000   0.9999   0.9999   0.9999   0.9999   1.0000
       1   0.9999       --   0.9999   0.9999   0.9999   1.0000   0.9997   0.9998   0.9997   0.9999
       2   0.9999   0.9999       --   1.0000   0.9999   1.0000   0.9998   0.9999   0.9998   0.9999
       3   1.0000   0.9999   1.0000       --   1.0000   0.9999   0.9999   0.9999   0.9999   1.0000
       4   1.0000   0.9999   0.9999   1.0000       --   0.9999   0.9999   0.9999   0.9999   1.0000
       5   0.9999   1.0000   1.0000   0.9999   0.9999       --   0.9998   0.9998   0.9998   0.9999
       6   0.9999   0.9997   0.9998   0.9999   0.9999   0.9998       --   1.0000   1.0000   0.9999
       7   0.9999   0.9998   0.9999   0.9999   0.9999   0.9998   1.0000       --   1.0000   0.9999
       8   0.9999   0.9997   0.9998   0.9999   0.9999   0.9998   1.0000   1.0000       --   0.9999
       9   1.0000   0.9999   0.9999   1.0000   1.0000   0.9999   0.9999   0.9999   0.9999       --
(Look for block structure -- e.g. some seeds mutually ~0.95 while others are mutually ~0.95 but the TWO GROUPS sit around ~0.7 with each other -- that pattern would mean multiple distinct basins, not uniform noise around one solution.)
  v_pop                 : mean=+0.9999  std=0.0001  min=+0.9997  max=+1.0000  (n_pairs=45)

Per-run accuracy (cross-reference against the matrix above -- does the outlier run, if any, also have unusual accuracy, or just a different direction?):
   run |  label |  train_acc |  test_acc
     0 |      0 |     0.7033 |    0.6818
     1 |      1 |     0.7016 |    0.6811
     2 |      2 |     0.7023 |    0.6806
     3 |      3 |     0.7030 |    0.6812
     4 |      4 |     0.7037 |    0.6817
     5 |      5 |     0.7013 |    0.6811
     6 |      6 |     0.7047 |    0.6814
     7 |      7 |     0.7051 |    0.6815
     8 |      8 |     0.7046 |    0.6815
     9 |      9 |     0.7035 |    0.6816
  mean |        |     0.7033 |    0.6814
   std |        |     0.0012 |    0.0003

Per-user directions (v_u = unit(V @ (wbar + delta_u))), pairwise cosine across runs, averaged over users:
  per-user (avg)        : mean=+0.9998  std=0.0001  min=+0.9981  max=+0.9999  (n_users=941)

Isotropic random-direction baseline (n=200, see docstring caveat):
  random vs random      : mean=-0.0001  std=0.0156  min=-0.0610  max=+0.0631  (n_pairs=19900)

cos(v_pop, base_rm) -- stricter than the isotropic baseline above:
  run 0 (seed=0): +0.0301
  run 1 (seed=1): +0.0302
  run 2 (seed=2): +0.0302
  run 3 (seed=3): +0.0301
  run 4 (seed=4): +0.0301
  run 5 (seed=5): +0.0302
  run 6 (seed=6): +0.0301
  run 7 (seed=7): +0.0300
  run 8 (seed=8): +0.0300
  run 9 (seed=9): +0.0299
  v_pop vs base_rm      : mean=+0.0301  std=0.0001  min=+0.0299  max=+0.0302  (n_pairs=10)
  random vs base_rm     : mean=+0.0003  std=0.0158  min=-0.0470  max=+0.0384  (n_pairs=200)

------------------------------------------------------------------------------------------
v_pop stability   : +0.9999 (vs random baseline -0.0001)
per-user stability: +0.9998 (vs random baseline -0.0001)
v_pop vs base_rm  : +0.0301 +/- 0.0001 (vs random-vs-base_rm +0.0003 +/- 0.0158)
Read-out: stability meaningfully above the random baseline (and its std) means the learned direction(s) are reproducible, not an artifact of this particular run. Stability indistinguishable from the random baseline means whatever gets interpreted downstream may just be describing this one run.
