221906 pairs, 230238 embeddings

[run 0] seed=0  (split_seed=0, init_seed=0)  941 users

[run 1] seed=1  (split_seed=0, init_seed=1)  941 users

[run 2] seed=2  (split_seed=0, init_seed=2)  941 users

[run 3] seed=3  (split_seed=0, init_seed=3)  941 users

[run 4] seed=4  (split_seed=0, init_seed=4)  941 users

##########################################################################################
# STABILITY CHECK: seed  (varying [0, 1, 2, 3, 4])
##########################################################################################

Population direction (v_pop = unit(V @ wbar)), pairwise cosine across runs:

v_pop -- full 5x5 pairwise cosine matrix:
                0        1        2        3        4
       0       --   0.7454   0.7743   0.7783   0.7178
       1   0.7454       --   0.9108   0.9059   0.8318
       2   0.7743   0.9108       --   0.9493   0.8692
       3   0.7783   0.9059   0.9493       --   0.8673
       4   0.7178   0.8318   0.8692   0.8673       --
(Look for block structure -- e.g. some seeds mutually ~0.95 while others are mutually ~0.95 but the TWO GROUPS sit around ~0.7 with each other -- that pattern would mean multiple distinct basins, not uniform noise around one solution.)
  v_pop                 : mean=+0.8350  std=0.0740  min=+0.7178  max=+0.9493  (n_pairs=10)

Per-user directions (v_u = unit(V @ (wbar + delta_u))), pairwise cosine across runs, averaged over users:
  per-user (avg)        : mean=+0.8348  std=0.0031  min=+0.8222  max=+0.8424  (n_users=941)

Isotropic random-direction baseline (n=200, see docstring caveat):
  random vs random      : mean=-0.0001  std=0.0156  min=-0.0610  max=+0.0631  (n_pairs=19900)

------------------------------------------------------------------------------------------
v_pop stability   : +0.8350 (vs random baseline -0.0001)
per-user stability: +0.8348 (vs random baseline -0.0001)
Read-out: stability meaningfully above the random baseline (and its std) means the learned direction(s) are reproducible, not an artifact of this particular run. Stability indistinguishable from the random baseline means whatever gets interpreted downstream may just be describing this one run.
