Loading real PRISM diff pools:
  train: /root/LoRe-BasisInterp/PRISM/../data/prism/train_embeddings.pkl
  test:  /root/LoRe-BasisInterp/PRISM/../data/prism/test_embeddings.pkl
19638 real train diffs, 19727 real test diffs (dim=4096)
mode=independent source=random directions=random(gt_seed=0) users_per_group=20 k_fit=4 model=v2
w_recovery chance = 0.500 (2 groups)

 signal | pairs/usr | test_acc | subspace |   axis | w_recov | grp_dir | personal |  global
--------------------------------------------------------------------------------------------
   0.00 |        15 |   0.5435 |   0.0001 | 0.0001 |  0.3350 |  0.5450 |   0.5422 |  0.5729
   0.00 |        50 |   0.5514 |   0.0025 | 0.0022 |  0.3650 |  0.5000 |   0.5615 |  0.5749
   0.00 |       100 |   0.5613 |   0.0001 | 0.0001 |  0.4050 |  0.5200 |   0.5661 |  0.5736
   0.00 |       400 |   0.5789 |   0.0002 | 0.0002 |  0.3600 |  0.5000 |   0.5741 |  0.5735
   0.00 |      1000 |   0.5868 |   0.0003 | 0.0003 |  0.3650 |  0.5300 |   0.5755 |  0.5769
   0.50 |        15 |   0.8298 |   0.3700 | 0.3719 |  0.3500 |  0.5100 |   0.8766 |  0.8724
   0.50 |        50 |   0.8583 |   0.1882 | 0.2139 |  0.3550 |  0.4900 |   0.8903 |  0.8750
   0.50 |       100 |   0.8713 |   0.1446 | 0.1719 |  0.3650 |  0.4900 |   0.8952 |  0.8760
   0.50 |       400 |   0.8948 |   0.1605 | 0.1969 |  0.4000 |  0.5650 |   0.8968 |  0.8742
   0.50 |      1000 |   0.9001 |   0.2043 | 0.2503 |  0.4000 |  0.5150 |   0.8972 |  0.8752
   1.00 |        15 |   0.8293 |   0.2800 | 0.2496 |  0.3550 |  0.5600 |   0.8982 |  0.8984
   1.00 |        50 |   0.8587 |   0.1209 | 0.1212 |  0.3900 |  0.5400 |   0.8983 |  0.8983
   1.00 |       100 |   0.8749 |   0.0772 | 0.0910 |  0.3800 |  0.4600 |   0.9006 |  0.9006
   1.00 |       400 |   0.8959 |   0.0905 | 0.0964 |  0.4650 |  0.5350 |   0.9012 |  0.9012
   1.00 |      1000 |   0.9002 |   0.1396 | 0.1498 |  0.4700 |  0.5700 |   0.9012 |  0.9012
   2.00 |        15 |   0.8229 |   0.2711 | 0.2601 |  0.4000 |  0.5500 |   0.8984 |  0.8984
   2.00 |        50 |   0.8583 |   0.0830 | 0.0785 |  0.4350 |  0.5950 |   0.8983 |  0.8983
   2.00 |       100 |   0.8758 |   0.0418 | 0.0450 |  0.3400 |  0.5550 |   0.9006 |  0.9006
   2.00 |       400 |   0.8976 |   0.1210 | 0.1428 |  0.4650 |  0.5950 |   0.9012 |  0.9012
   2.00 |      1000 |   0.9003 |   0.1370 | 0.1613 |  0.4700 |  0.6550 |   0.9012 |  0.9012
   4.00 |        15 |   0.8245 |   0.1526 | 0.1636 |  0.4550 |  0.5450 |   0.8984 |  0.8984
   4.00 |        50 |   0.8731 |   0.0725 | 0.0752 |  0.4700 |  0.5750 |   0.8983 |  0.8983
   4.00 |       100 |   0.8844 |   0.0557 | 0.0513 |  0.4900 |  0.5050 |   0.9006 |  0.9006
   4.00 |       400 |   0.9002 |   0.1652 | 0.1780 |  0.4800 |  0.5800 |   0.9012 |  0.9012
   4.00 |      1000 |   0.9010 |   0.1921 | 0.2173 |  0.5100 |  0.6950 |   0.9012 |  0.9012

random-basis floor: subspace=0.0256  axis_match=0.0204

Saved ../results/synthetic/prism_perturbation_independent_random_v2.csv
Read-out: signal_scale=0 rows show natural separation in real PRISM pairs with no injection. Recovery emerging only at higher signal_scale (not 0) means the direction has no meaningful natural presence in this data on its own. Recovery failing to reach the pairs/user=15 regime even at high signal_scale would localize the original PRISM null to data volume specifically. Recovery failing at ALL signal_scale/pairs_per_user combinations would implicate the representation itself, not data volume -- check personal > global held throughout before trusting that reading.
